// Jest Snapshot v1, https://goo.gl/fbAQLP

exports[`ModelInstance Default Properties should initialize with default properties 1`] = `
TaskInstance {
  "props": Object {
    "done": true,
    "title": "Write more tests boi!",
  },
}
`;

exports[`ModelInstance Default Properties should initialize with default properties 2`] = `
TaskInstance {
  "props": Object {
    "done": true,
    "title": "Write more tests boi!",
  },
}
`;

exports[`ModelInstance Default Properties should initialize with minimal configuration default properties 1`] = `
TodoInstance {
  "props": Object {
    "done": false,
    "title": "(empty)",
  },
}
`;

exports[`ModelInstance ModelInstance functions should return friends with starting name 'O' 1`] = `
Array [
  PersonInstance {
    "friends": Object {
      "add": [Function],
      "count": [Function],
      "create": [Function],
      "get": [Function],
      "remove": [Function],
      "update": [Function],
    },
    "getFriendsWithName": [Function],
    "props": Object {
      "name": "Olga",
    },
    "relationProps": Object {
      "location": "Graz",
      "since": "yesterday",
    },
    "tasks": Object {
      "add": [Function],
      "count": [Function],
      "create": [Function],
      "get": [Function],
      "remove": [Function],
      "update": [Function],
    },
  },
]
`;
