// Jest Snapshot v1, https://goo.gl/fbAQLP

exports[`Models in different files create should create a instances of tasks and relate them to person instance 1`] = `
Array [
  Object {
    "creator": Object {
      "add": [Function],
      "create": [Function],
      "get": [Function],
      "hasOne": [Function],
      "remove": [Function],
      "update": [Function],
    },
    "props": Object {
      "title": "Buy milk",
    },
  },
  Object {
    "creator": Object {
      "add": [Function],
      "create": [Function],
      "get": [Function],
      "hasOne": [Function],
      "remove": [Function],
      "update": [Function],
    },
    "props": Object {
      "done": false,
      "title": "Buy beer",
    },
  },
]
`;
